mode: set
example/web-service-gin/admin_handlers.go:11.50,13.106 2 1
example/web-service-gin/admin_handlers.go:13.106,17.3 3 0
example/web-service-gin/admin_handlers.go:18.2,18.33 1 1
example/web-service-gin/admin_handlers.go:21.52,27.47 2 1
example/web-service-gin/admin_handlers.go:27.47,30.3 2 1
example/web-service-gin/admin_handlers.go:32.2,34.101 3 1
example/web-service-gin/admin_handlers.go:34.101,38.3 3 0
example/web-service-gin/admin_handlers.go:39.2,39.45 1 1
example/web-service-gin/admin_handlers.go:42.52,50.47 3 1
example/web-service-gin/admin_handlers.go:50.47,53.3 2 0
example/web-service-gin/admin_handlers.go:55.2,56.94 2 1
example/web-service-gin/admin_handlers.go:56.94,60.3 3 0
example/web-service-gin/admin_handlers.go:61.2,61.42 1 1
example/web-service-gin/admin_handlers.go:64.48,78.52 3 1
example/web-service-gin/admin_handlers.go:78.52,82.3 3 0
example/web-service-gin/admin_handlers.go:83.2,83.31 1 1
example/web-service-gin/admin_handlers.go:86.47,90.85 3 1
example/web-service-gin/admin_handlers.go:90.85,94.3 3 0
example/web-service-gin/admin_handlers.go:96.2,112.58 3 1
example/web-service-gin/admin_handlers.go:112.58,116.3 3 0
example/web-service-gin/admin_handlers.go:118.2,118.26 1 1
example/web-service-gin/admin_handlers.go:118.26,120.3 1 1
example/web-service-gin/admin_handlers.go:122.2,122.70 1 1
example/web-service-gin/admin_handlers.go:125.50,127.47 2 1
example/web-service-gin/admin_handlers.go:127.47,130.3 2 0
example/web-service-gin/admin_handlers.go:132.2,133.16 2 1
example/web-service-gin/admin_handlers.go:133.16,136.3 2 1
example/web-service-gin/admin_handlers.go:138.2,141.123 3 1
example/web-service-gin/admin_handlers.go:141.123,145.3 3 0
example/web-service-gin/admin_handlers.go:147.2,147.45 1 1
example/web-service-gin/admin_handlers.go:150.50,154.47 3 1
example/web-service-gin/admin_handlers.go:154.47,157.3 2 0
example/web-service-gin/admin_handlers.go:159.2,160.16 2 1
example/web-service-gin/admin_handlers.go:160.16,163.3 2 0
example/web-service-gin/admin_handlers.go:165.2,166.116 2 1
example/web-service-gin/admin_handlers.go:166.116,170.3 3 0
example/web-service-gin/admin_handlers.go:172.2,172.42 1 1
example/web-service-gin/admin_handlers.go:175.49,179.47 3 1
example/web-service-gin/admin_handlers.go:179.47,182.3 2 0
example/web-service-gin/admin_handlers.go:184.2,185.26 2 1
example/web-service-gin/admin_handlers.go:185.26,188.3 1 1
example/web-service-gin/admin_handlers.go:188.8,189.51 1 1
example/web-service-gin/admin_handlers.go:189.51,192.4 2 1
example/web-service-gin/admin_handlers.go:193.3,198.119 2 1
example/web-service-gin/admin_handlers.go:198.119,202.4 3 0
example/web-service-gin/admin_handlers.go:205.2,207.90 3 1
example/web-service-gin/admin_handlers.go:207.90,211.3 3 0
example/web-service-gin/admin_handlers.go:214.2,215.140 2 1
example/web-service-gin/admin_handlers.go:215.140,217.91 2 1
example/web-service-gin/admin_handlers.go:217.91,228.4 7 1
example/web-service-gin/admin_handlers.go:231.2,231.83 1 1
example/web-service-gin/admin_handlers.go:234.50,238.47 3 1
example/web-service-gin/admin_handlers.go:238.47,241.3 2 1
example/web-service-gin/admin_handlers.go:244.2,246.90 3 1
example/web-service-gin/admin_handlers.go:246.90,250.3 3 0
example/web-service-gin/admin_handlers.go:253.2,260.16 3 1
example/web-service-gin/admin_handlers.go:260.16,264.3 3 0
example/web-service-gin/admin_handlers.go:266.2,267.83 2 1
example/web-service-gin/admin_handlers.go:270.50,274.90 3 1
example/web-service-gin/admin_handlers.go:274.90,277.3 2 1
example/web-service-gin/admin_handlers.go:279.2,279.29 1 1
example/web-service-gin/admin_handlers.go:279.29,282.3 2 1
example/web-service-gin/admin_handlers.go:284.2,294.59 4 1
example/web-service-gin/admin_handlers.go:294.59,298.3 3 0
example/web-service-gin/admin_handlers.go:300.2,300.20 1 1
example/web-service-gin/admin_handlers.go:300.20,303.3 2 1
example/web-service-gin/admin_handlers.go:305.2,308.27 3 1
example/web-service-gin/admin_handlers.go:308.27,314.17 3 1
example/web-service-gin/admin_handlers.go:314.17,318.4 3 0
example/web-service-gin/admin_handlers.go:321.2,321.103 1 1
example/web-service-gin/admin_handlers.go:321.103,325.3 3 0
example/web-service-gin/admin_handlers.go:327.2,327.69 1 1
example/web-service-gin/admin_handlers.go:330.47,344.60 4 1
example/web-service-gin/admin_handlers.go:344.60,348.3 3 0
example/web-service-gin/admin_handlers.go:349.2,349.30 1 1
example/web-service-gin/admin_handlers.go:352.110,357.2 1 1
example/web-service-gin/helpers.go:9.42,11.21 2 0
example/web-service-gin/helpers.go:11.21,13.3 1 0
example/web-service-gin/helpers.go:14.2,14.14 1 0
example/web-service-gin/helpers.go:19.52,21.16 2 1
example/web-service-gin/helpers.go:21.16,23.3 1 0
example/web-service-gin/helpers.go:24.2,24.57 1 1
example/web-service-gin/helpers.go:27.28,37.2 8 0
example/web-service-gin/main.go:18.13,23.16 5 0
example/web-service-gin/main.go:23.16,25.13 2 0
example/web-service-gin/main.go:27.2,47.28 7 0
example/web-service-gin/main.go:47.28,61.3 13 0
example/web-service-gin/main.go:63.2,63.21 1 0
example/web-service-gin/main.go:66.44,70.16 4 0
example/web-service-gin/main.go:70.16,72.3 1 0
example/web-service-gin/main.go:73.2,74.30 2 0
example/web-service-gin/main.go:77.47,93.51 4 1
example/web-service-gin/main.go:93.51,97.3 3 1
example/web-service-gin/main.go:100.2,124.76 4 1
example/web-service-gin/main.go:124.76,128.3 3 0
example/web-service-gin/main.go:130.2,130.79 1 1
example/web-service-gin/main.go:133.46,136.47 3 1
example/web-service-gin/main.go:136.47,139.3 2 0
example/web-service-gin/main.go:140.2,144.16 2 1
example/web-service-gin/main.go:144.16,148.3 3 0
example/web-service-gin/main.go:149.2,149.32 1 1
example/web-service-gin/main.go:152.46,156.16 4 0
example/web-service-gin/main.go:156.16,158.3 1 0
example/web-service-gin/main.go:159.2,159.28 1 0
